{
  "name": "@lit-internal/test-element-a-ng",
  "type": "module",
  "version": "1.0.1",
  "dependencies": {
    "@lit-internal/test-element-a": "^1.0.1"
  },
  "peerDependencies": {
    "@angular/common": ">=13.3.0",
    "@angular/core": ">=13.3.0"
  },
  "files": [
    "src/element-a.ts",
    "src/element-events.ts",
    "src/element-mixins.ts",
    "src/element-props.ts",
    "src/element-slots.ts",
    "src/element-without-props.ts",
    "src/sub/element-sub.ts"
  ]
}
